Archive member included to satisfy reference by file (symbol)

d:/st v1.5.0/stm32cubeide_1.5.0/stm32cubeide/plugins/com.st.stm32cube.ide.mcu.externaltools.gnu-tools-for-stm32.7-2018-q2-update.win32_1.5.0.202011040924/tools/bin/../lib/gcc/arm-none-eabi/7.3.1/../../../../arm-none-eabi/lib/thumb/v7e-m/fpv5/hard\libc_nano.a(lib_a-errno.o)
                              Core/Src/syscalls.o (__errno)
d:/st v1.5.0/stm32cubeide_1.5.0/stm32cubeide/plugins/com.st.stm32cube.ide.mcu.externaltools.gnu-tools-for-stm32.7-2018-q2-update.win32_1.5.0.202011040924/tools/bin/../lib/gcc/arm-none-eabi/7.3.1/../../../../arm-none-eabi/lib/thumb/v7e-m/fpv5/hard\libc_nano.a(lib_a-exit.o)
                              d:/st v1.5.0/stm32cubeide_1.5.0/stm32cubeide/plugins/com.st.stm32cube.ide.mcu.externaltools.gnu-tools-for-stm32.7-2018-q2-update.win32_1.5.0.202011040924/tools/bin/../lib/gcc/arm-none-eabi/7.3.1/../../../../arm-none-eabi/lib/thumb/v7e-m/fpv5/hard/crt0.o (exit)
d:/st v1.5.0/stm32cubeide_1.5.0/stm32cubeide/plugins/com.st.stm32cube.ide.mcu.externaltools.gnu-tools-for-stm32.7-2018-q2-update.win32_1.5.0.202011040924/tools/bin/../lib/gcc/arm-none-eabi/7.3.1/../../../../arm-none-eabi/lib/thumb/v7e-m/fpv5/hard\libc_nano.a(lib_a-impure.o)
                              d:/st v1.5.0/stm32cubeide_1.5.0/stm32cubeide/plugins/com.st.stm32cube.ide.mcu.externaltools.gnu-tools-for-stm32.7-2018-q2-update.win32_1.5.0.202011040924/tools/bin/../lib/gcc/arm-none-eabi/7.3.1/../../../../arm-none-eabi/lib/thumb/v7e-m/fpv5/hard\libc_nano.a(lib_a-exit.o) (_global_impure_ptr)
d:/st v1.5.0/stm32cubeide_1.5.0/stm32cubeide/plugins/com.st.stm32cube.ide.mcu.externaltools.gnu-tools-for-stm32.7-2018-q2-update.win32_1.5.0.202011040924/tools/bin/../lib/gcc/arm-none-eabi/7.3.1/../../../../arm-none-eabi/lib/thumb/v7e-m/fpv5/hard\libc_nano.a(lib_a-init.o)
                              d:/st v1.5.0/stm32cubeide_1.5.0/stm32cubeide/plugins/com.st.stm32cube.ide.mcu.externaltools.gnu-tools-for-stm32.7-2018-q2-update.win32_1.5.0.202011040924/tools/bin/../lib/gcc/arm-none-eabi/7.3.1/../../../../arm-none-eabi/lib/thumb/v7e-m/fpv5/hard/crt0.o (__libc_init_array)
d:/st v1.5.0/stm32cubeide_1.5.0/stm32cubeide/plugins/com.st.stm32cube.ide.mcu.externaltools.gnu-tools-for-stm32.7-2018-q2-update.win32_1.5.0.202011040924/tools/bin/../lib/gcc/arm-none-eabi/7.3.1/../../../../arm-none-eabi/lib/thumb/v7e-m/fpv5/hard\libc_nano.a(lib_a-memset.o)
                              d:/st v1.5.0/stm32cubeide_1.5.0/stm32cubeide/plugins/com.st.stm32cube.ide.mcu.externaltools.gnu-tools-for-stm32.7-2018-q2-update.win32_1.5.0.202011040924/tools/bin/../lib/gcc/arm-none-eabi/7.3.1/../../../../arm-none-eabi/lib/thumb/v7e-m/fpv5/hard/crt0.o (memset)
d:/st v1.5.0/stm32cubeide_1.5.0/stm32cubeide/plugins/com.st.stm32cube.ide.mcu.externaltools.gnu-tools-for-stm32.7-2018-q2-update.win32_1.5.0.202011040924/tools/bin/../lib/gcc/arm-none-eabi/7.3.1/thumb/v7e-m/fpv5/hard\libgcc.a(_aeabi_uldivmod.o)
                              Drivers/STM32H7xx_HAL_Driver/Src/stm32h7xx_hal_uart.o (__aeabi_uldivmod)
d:/st v1.5.0/stm32cubeide_1.5.0/stm32cubeide/plugins/com.st.stm32cube.ide.mcu.externaltools.gnu-tools-for-stm32.7-2018-q2-update.win32_1.5.0.202011040924/tools/bin/../lib/gcc/arm-none-eabi/7.3.1/thumb/v7e-m/fpv5/hard\libgcc.a(_udivmoddi4.o)
                              d:/st v1.5.0/stm32cubeide_1.5.0/stm32cubeide/plugins/com.st.stm32cube.ide.mcu.externaltools.gnu-tools-for-stm32.7-2018-q2-update.win32_1.5.0.202011040924/tools/bin/../lib/gcc/arm-none-eabi/7.3.1/thumb/v7e-m/fpv5/hard\libgcc.a(_aeabi_uldivmod.o) (__udivmoddi4)
d:/st v1.5.0/stm32cubeide_1.5.0/stm32cubeide/plugins/com.st.stm32cube.ide.mcu.externaltools.gnu-tools-for-stm32.7-2018-q2-update.win32_1.5.0.202011040924/tools/bin/../lib/gcc/arm-none-eabi/7.3.1/thumb/v7e-m/fpv5/hard\libgcc.a(_dvmd_tls.o)
                              d:/st v1.5.0/stm32cubeide_1.5.0/stm32cubeide/plugins/com.st.stm32cube.ide.mcu.externaltools.gnu-tools-for-stm32.7-2018-q2-update.win32_1.5.0.202011040924/tools/bin/../lib/gcc/arm-none-eabi/7.3.1/thumb/v7e-m/fpv5/hard\libgcc.a(_aeabi_uldivmod.o) (__aeabi_ldiv0)

Allocating common symbols
Common symbol       size              file

hall_out3           0x4               Core/Src/Logic.o
huart3              0x8c              Core/Src/main.o
pos_loop            0x4               Core/Src/main.o
hall_out            0xc               Core/Src/Logic.o
uwTick              0x4               Drivers/STM32H7xx_HAL_Driver/Src/stm32h7xx_hal.o
hall_output         0x4               Core/Src/main.o
pFlash              0x1c              Drivers/STM32H7xx_HAL_Driver/Src/stm32h7xx_hal_flash.o
P_controller        0x4               Core/Src/PID_Control.o
Output              0xc               Core/Src/main.o
Add_err             0x4               Core/Src/PID_Control.o
PI_controller       0x4               Core/Src/PID_Control.o
hall_out1           0x4               Core/Src/Logic.o
I_controller        0x4               Core/Src/PID_Control.o
[...]
Memory Configuration

Name             Origin             Length             Attributes
DTCMRAM          0x0000000020000000 0x0000000000020000 xrw
ITCMRAM          0x0000000000000000 0x0000000000010000 xrw
RAM_D1           0x0000000024000000 0x0000000000080000 xrw
RAM_D2           0x0000000030000000 0x0000000000048000 xrw
RAM_D3           0x0000000038000000 0x0000000000010000 xrw
FLASH            0x0000000008000000 0x0000000000200000 xr
*default*        0x0000000000000000 0xffffffffffffffff

Linker script and memory map

LOAD d:/st v1.5.0/stm32cubeide_1.5.0/stm32cubeide/plugins/com.st.stm32cube.ide.mcu.externaltools.gnu-tools-for-stm32.7-2018-q2-update.win32_1.5.0.202011040924/tools/bin/../lib/gcc/arm-none-eabi/7.3.1/thumb/v7e-m/fpv5/hard/crti.o
LOAD d:/st v1.5.0/stm32cubeide_1.5.0/stm32cubeide/plugins/com.st.stm32cube.ide.mcu.externaltools.gnu-tools-for-stm32.7-2018-q2-update.win32_1.5.0.202011040924/tools/bin/../lib/gcc/arm-none-eabi/7.3.1/thumb/v7e-m/fpv5/hard/crtbegin.o
LOAD d:/st v1.5.0/stm32cubeide_1.5.0/stm32cubeide/plugins/com.st.stm32cube.ide.mcu.externaltools.gnu-tools-for-stm32.7-2018-q2-update.win32_1.5.0.202011040924/tools/bin/../lib/gcc/arm-none-eabi/7.3.1/../../../../arm-none-eabi/lib/thumb/v7e-m/fpv5/hard/crt0.o
LOAD Core/Src/Logic.o
LOAD Core/Src/PID_Control.o
LOAD Core/Src/main.o
LOAD Core/Src/stm32h7xx_hal_msp.o
LOAD Core/Src/stm32h7xx_it.o
LOAD Core/Src/syscalls.o
LOAD Core/Src/sysmem.o
LOAD Core/Src/system_stm32h7xx.o
LOAD Core/Startup/startup_stm32h743zitx.o
LOAD Drivers/STM32H7xx_HAL_Driver/Src/stm32h7xx_hal.o
LOAD Drivers/STM32H7xx_HAL_Driver/Src/stm32h7xx_hal_cortex.o
LOAD Drivers/STM32H7xx_HAL_Driver/Src/stm32h7xx_hal_dma.o
LOAD Drivers/STM32H7xx_HAL_Driver/Src/stm32h7xx_hal_dma_ex.o
LOAD Drivers/STM32H7xx_HAL_Driver/Src/stm32h7xx_hal_exti.o
LOAD Drivers/STM32H7xx_HAL_Driver/Src/stm32h7xx_hal_flash.o
LOAD Drivers/STM32H7xx_HAL_Driver/Src/stm32h7xx_hal_flash_ex.o
LOAD Drivers/STM32H7xx_HAL_Driver/Src/stm32h7xx_hal_gpio.o
LOAD Drivers/STM32H7xx_HAL_Driver/Src/stm32h7xx_hal_hsem.o
LOAD Drivers/STM32H7xx_HAL_Driver/Src/stm32h7xx_hal_i2c.o
LOAD Drivers/STM32H7xx_HAL_Driver/Src/stm32h7xx_hal_i2c_ex.o
LOAD Drivers/STM32H7xx_HAL_Driver/Src/stm32h7xx_hal_mdma.o
LOAD Drivers/STM32H7xx_HAL_Driver/Src/stm32h7xx_hal_pwr.o
LOAD Drivers/STM32H7xx_HAL_Driver/Src/stm32h7xx_hal_pwr_ex.o
LOAD Drivers/STM32H7xx_HAL_Driver/Src/stm32h7xx_hal_rcc.o
LOAD Drivers/STM32H7xx_HAL_Driver/Src/stm32h7xx_hal_rcc_ex.o
LOAD Drivers/STM32H7xx_HAL_Driver/Src/stm32h7xx_hal_tim.o
LOAD Drivers/STM32H7xx_HAL_Driver/Src/stm32h7xx_hal_tim_ex.o
LOAD Drivers/STM32H7xx_HAL_Driver/Src/stm32h7xx_hal_uart.o
LOAD Drivers/STM32H7xx_HAL_Driver/Src/stm32h7xx_hal_uart_ex.o
START GROUP
LOAD d:/st v1.5.0/stm32cubeide_1.5.0/stm32cubeide/plugins/com.st.stm32cube.ide.mcu.externaltools.gnu-tools-for-stm32.7-2018-q2-update.win32_1.5.0.202011040924/tools/bin/../lib/gcc/arm-none-eabi/7.3.1/../../../../arm-none-eabi/lib/thumb/v7e-m/fpv5/hard\libc_nano.a
LOAD d:/st v1.5.0/stm32cubeide_1.5.0/stm32cubeide/plugins/com.st.stm32cube.ide.mcu.externaltools.gnu-tools-for-stm32.7-2018-q2-update.win32_1.5.0.202011040924/tools/bin/../lib/gcc/arm-none-eabi/7.3.1/../../../../arm-none-eabi/lib/thumb/v7e-m/fpv5/hard\libm.a
END GROUP
START GROUP
LOAD d:/st v1.5.0/stm32cubeide_1.5.0/stm32cubeide/plugins/com.st.stm32cube.ide.mcu.externaltools.gnu-tools-for-stm32.7-2018-q2-update.win32_1.5.0.202011040924/tools/bin/../lib/gcc/arm-none-eabi/7.3.1/thumb/v7e-m/fpv5/hard\libgcc.a
LOAD d:/st v1.5.0/stm32cubeide_1.5.0/stm32cubeide/plugins/com.st.stm32cube.ide.mcu.externaltools.gnu-tools-for-stm32.7-2018-q2-update.win32_1.5.0.202011040924/tools/bin/../lib/gcc/arm-none-eabi/7.3.1/../../../../arm-none-eabi/lib/thumb/v7e-m/fpv5/hard\libc_nano.a
END GROUP
START GROUP
LOAD d:/st v1.5.0/stm32cubeide_1.5.0/stm32cubeide/plugins/com.st.stm32cube.ide.mcu.externaltools.gnu-tools-for-stm32.7-2018-q2-update.win32_1.5.0.202011040924/tools/bin/../lib/gcc/arm-none-eabi/7.3.1/thumb/v7e-m/fpv5/hard\libgcc.a
LOAD d:/st v1.5.0/stm32cubeide_1.5.0/stm32cubeide/plugins/com.st.stm32cube.ide.mcu.externaltools.gnu-tools-for-stm32.7-2018-q2-update.win32_1.5.0.202011040924/tools/bin/../lib/gcc/arm-none-eabi/7.3.1/../../../../arm-none-eabi/lib/thumb/v7e-m/fpv5/hard\libc_nano.a
LOAD d:/st v1.5.0/stm32cubeide_1.5.0/stm32cubeide/plugins/com.st.stm32cube.ide.mcu.externaltools.gnu-tools-for-stm32.7-2018-q2-update.win32_1.5.0.202011040924/tools/bin/../lib/gcc/arm-none-eabi/7.3.1/../../../../arm-none-eabi/lib/thumb/v7e-m/fpv5/hard\libnosys.a
END GROUP
START GROUP
LOAD d:/st v1.5.0/stm32cubeide_1.5.0/stm32cubeide/plugins/com.st.stm32cube.ide.mcu.externaltools.gnu-tools-for-stm32.7-2018-q2-update.win32_1.5.0.202011040924/tools/bin/../lib/gcc/arm-none-eabi/7.3.1/thumb/v7e-m/fpv5/hard\libgcc.a
LOAD d:/st v1.5.0/stm32cubeide_1.5.0/stm32cubeide/plugins/com.st.stm32cube.ide.mcu.externaltools.gnu-tools-for-stm32.7-2018-q2-update.win32_1.5.0.202011040924/tools/bin/../lib/gcc/arm-none-eabi/7.3.1/../../../../arm-none-eabi/lib/thumb/v7e-m/fpv5/hard\libc_nano.a
LOAD d:/st v1.5.0/stm32cubeide_1.5.0/stm32cubeide/plugins/com.st.stm32cube.ide.mcu.externaltools.gnu-tools-for-stm32.7-2018-q2-update.win32_1.5.0.202011040924/tools/bin/../lib/gcc/arm-none-eabi/7.3.1/../../../../arm-none-eabi/lib/thumb/v7e-m/fpv5/hard\libnosys.a
END GROUP
LOAD d:/st v1.5.0/stm32cubeide_1.5.0/stm32cubeide/plugins/com.st.stm32cube.ide.mcu.externaltools.gnu-tools-for-stm32.7-2018-q2-update.win32_1.5.0.202011040924/tools/bin/../lib/gcc/arm-none-eabi/7.3.1/thumb/v7e-m/fpv5/hard/crtend.o
LOAD d:/st v1.5.0/stm32cubeide_1.5.0/stm32cubeide/plugins/com.st.stm32cube.ide.mcu.externaltools.gnu-tools-for-stm32.7-2018-q2-update.win32_1.5.0.202011040924/tools/bin/../lib/gcc/arm-none-eabi/7.3.1/thumb/v7e-m/fpv5/hard/crtn.o
                0x0000000024080000                _estack = (ORIGIN (RAM_D1) + LENGTH (RAM_D1))
                0x0000000000000200                _Min_Heap_Size = 0x200
                0x0000000000000400                _Min_Stack_Size = 0x400

.isr_vector     0x0000000008000000      0x298
                0x0000000008000000                . = ALIGN (0x4)
 *(.isr_vector)
 .isr_vector    0x0000000008000000      0x298 Core/Startup/startup_stm32h743zitx.o
                0x0000000008000000                g_pfnVectors
                0x0000000008000298                . = ALIGN (0x4)

.text           0x0000000008000298     0x64cc
                0x0000000008000298                . = ALIGN (0x4)
 *(.text)
 .text          0x0000000008000298       0x40 d:/st v1.5.0/stm32cubeide_1.5.0/stm32cubeide/plugins/com.st.stm32cube.ide.mcu.externaltools.gnu-tools-for-stm32.7-2018-q2-update.win32_1.5.0.202011040924/tools/bin/../lib/gcc/arm-none-eabi/7.3.1/thumb/v7e-m/fpv5/hard/crtbegin.o
 .text          0x00000000080002d8       0x30 d:/st v1.5.0/stm32cubeide_1.5.0/stm32cubeide/plugins/com.st.stm32cube.ide.mcu.externaltools.gnu-tools-for-stm32.7-2018-q2-update.win32_1.5.0.202011040924/tools/bin/../lib/gcc/arm-none-eabi/7.3.1/thumb/v7e-m/fpv5/hard\libgcc.a(_aeabi_uldivmod.o)
                0x00000000080002d8                __aeabi_uldivmod
 .text          0x0000000008000308      0x2cc d:/st v1.5.0/stm32cubeide_1.5.0/stm32cubeide/plugins/com.st.stm32cube.ide.mcu.externaltools.gnu-tools-for-stm32.7-2018-q2-update.win32_1.5.0.202011040924/tools/bin/../lib/gcc/arm-none-eabi/7.3.1/thumb/v7e-m/fpv5/hard\libgcc.a(_udivmoddi4.o)
                0x0000000008000308                __udivmoddi4
 .text          0x00000000080005d4        0x4 d:/st v1.5.0/stm32cubeide_1.5.0/stm32cubeide/plugins/com.st.stm32cube.ide.mcu.externaltools.gnu-tools-for-stm32.7-2018-q2-update.win32_1.5.0.202011040924/tools/bin/../lib/gcc/arm-none-eabi/7.3.1/thumb/v7e-m/fpv5/hard\libgcc.a(_dvmd_tls.o)
                0x00000000080005d4                __aeabi_idiv0
                0x00000000080005d4                __aeabi_ldiv0
 *(.text*)
 .text.com_logic
                0x00000000080005d8      0x1cc Core/Src/Logic.o
                0x00000000080005d8                com_logic
 .text.control  0x00000000080007a4       0xc8 Core/Src/PID_Control.o
                0x00000000080007a4                control
 .text.main     0x000000000800086c      0x1f4 Core/Src/main.o
                0x000000000800086c                main
 .text.derivative
                0x0000000008000a60       0x48 Core/Src/main.o
                0x0000000008000a60                derivative
 .text.SystemClock_Config
                0x0000000008000aa8      0x130 Core/Src/main.o
                0x0000000008000aa8                SystemClock_Config
 .text.MX_USART2_UART_Init
                0x0000000008000bd8       0x98 Core/Src/main.o
 .text.MX_USART3_UART_Init
                0x0000000008000c70       0x98 Core/Src/main.o
 .text.MX_GPIO_Init
                0x0000000008000d08      0x264 Core/Src/main.o
 .text.Error_Handler
                0x0000000008000f6c        0xe Core/Src/main.o
                0x0000000008000f6c                Error_Handler
 *fill*         0x0000000008000f7a        0x2 
 .text.HAL_MspInit
                0x0000000008000f7c       0x34 Core/Src/stm32h7xx_hal_msp.o
                0x0000000008000f7c                HAL_MspInit
 .text.HAL_UART_MspInit
                0x0000000008000fb0      0x144 Core/Src/stm32h7xx_hal_msp.o
                0x0000000008000fb0                HAL_UART_MspInit
 .text.NMI_Handler
                0x00000000080010f4        0xe Core/Src/stm32h7xx_it.o
                0x00000000080010f4                NMI_Handler
 .text.HardFault_Handler
                0x0000000008001102        0x6 Core/Src/stm32h7xx_it.o
                0x0000000008001102                HardFault_Handler
 .text.MemManage_Handler
                0x0000000008001108        0x6 Core/Src/stm32h7xx_it.o
                0x0000000008001108                MemManage_Handler
 .text.BusFault_Handler
                0x000000000800110e        0x6 Core/Src/stm32h7xx_it.o
                0x000000000800110e                BusFault_Handler
 .text.UsageFault_Handler
                0x0000000008001114        0x6 Core/Src/stm32h7xx_it.o
                0x0000000008001114                UsageFault_Handler
 .text.SVC_Handler
                0x000000000800111a        0xe Core/Src/stm32h7xx_it.o
                0x000000000800111a                SVC_Handler
 .text.DebugMon_Handler
                0x0000000008001128        0xe Core/Src/stm32h7xx_it.o
                0x0000000008001128                DebugMon_Handler
 .text.PendSV_Handler
                0x0000000008001136        0xe Core/Src/stm32h7xx_it.o
                0x0000000008001136                PendSV_Handler
 .text.SysTick_Handler
                0x0000000008001144        0xc Core/Src/stm32h7xx_it.o
                0x0000000008001144                SysTick_Handler
 .text.SystemInit
                0x0000000008001150       0xc4 Core/Src/system_stm32h7xx.o
                0x0000000008001150                SystemInit
 .text.Reset_Handler
                0x0000000008001214       0x50 Core/Startup/startup_stm32h743zitx.o
                0x0000000008001214                Reset_Handler
 .text.Default_Handler
                0x0000000008001264        0x2 Core/Startup/startup_stm32h743zitx.o
                0x0000000008001264                RTC_Alarm_IRQHandler
                0x0000000008001264                EXTI2_IRQHandler
                0x0000000008001264                TIM8_CC_IRQHandler
                0x0000000008001264                HRTIM1_Master_IRQHandler
                0x0000000008001264                UART8_IRQHandler
                0x0000000008001264                SPI4_IRQHandler
                0x0000000008001264                TIM1_CC_IRQHandler
                0x0000000008001264                BDMA_Channel6_IRQHandler
                0x0000000008001264                DMA2_Stream5_IRQHandler
                0x0000000008001264                HRTIM1_FLT_IRQHandler
                0x0000000008001264                JPEG_IRQHandler
                0x0000000008001264                DMA1_Stream5_IRQHandler
                0x0000000008001264                BDMA_Channel1_IRQHandler
                0x0000000008001264                HRTIM1_TIMD_IRQHandler
                0x0000000008001264                TAMP_STAMP_IRQHandler
                0x0000000008001264                EXTI3_IRQHandler
                0x0000000008001264                LPTIM4_IRQHandler
                0x0000000008001264                TIM8_TRG_COM_TIM14_IRQHandler
                0x0000000008001264                LPTIM2_IRQHandler
                0x0000000008001264                DFSDM1_FLT1_IRQHandler
                0x0000000008001264                DMAMUX2_OVR_IRQHandler
                0x0000000008001264                TIM8_UP_TIM13_IRQHandler
                0x0000000008001264                I2C3_ER_IRQHandler
                0x0000000008001264                DFSDM1_FLT2_IRQHandler
                0x0000000008001264                MDMA_IRQHandler
                0x0000000008001264                LPTIM3_IRQHandler
                0x0000000008001264                HSEM1_IRQHandler
                0x0000000008001264                EXTI0_IRQHandler
                0x0000000008001264                I2C2_EV_IRQHandler
                0x0000000008001264                DMA1_Stream2_IRQHandler
                0x0000000008001264                FPU_IRQHandler
                0x0000000008001264                OTG_HS_WKUP_IRQHandler
                0x0000000008001264                FDCAN1_IT1_IRQHandler
                0x0000000008001264                LTDC_ER_IRQHandler
                0x0000000008001264                DMA2_Stream2_IRQHandler
                0x0000000008001264                HRTIM1_TIME_IRQHandler
                0x0000000008001264                SPI1_IRQHandler
                0x0000000008001264                TIM6_DAC_IRQHandler
                0x0000000008001264                DCMI_IRQHandler
                0x0000000008001264                HRTIM1_TIMC_IRQHandler
                0x0000000008001264                DMA2_Stream3_IRQHandler
                0x0000000008001264                SAI2_IRQHandler
                0x0000000008001264                DFSDM1_FLT3_IRQHandler
                0x0000000008001264                USART6_IRQHandler
                0x0000000008001264                TIM17_IRQHandler
                0x0000000008001264                USART3_IRQHandler
                0x0000000008001264                BDMA_Channel7_IRQHandler
                0x0000000008001264                LPTIM5_IRQHandler
                0x0000000008001264                UART5_IRQHandler
                0x0000000008001264                ADC3_IRQHandler
                0x0000000008001264                DMA2_Stream0_IRQHandler
                0x0000000008001264                TIM4_IRQHandler
                0x0000000008001264                BDMA_Channel2_IRQHandler
                0x0000000008001264                QUADSPI_IRQHandler
                0x0000000008001264                I2C1_EV_IRQHandler
                0x0000000008001264                DMA1_Stream6_IRQHandler
                0x0000000008001264                DMAMUX1_OVR_IRQHandler
                0x0000000008001264                DMA1_Stream1_IRQHandler
                0x0000000008001264                TIM16_IRQHandler
                0x0000000008001264                UART4_IRQHandler
                0x0000000008001264                BDMA_Channel5_IRQHandler
                0x0000000008001264                TIM3_IRQHandler
                0x0000000008001264                RCC_IRQHandler
                0x0000000008001264                TIM8_BRK_TIM12_IRQHandler
                0x0000000008001264                TIM1_TRG_COM_IRQHandler
                0x0000000008001264                Default_Handler
                0x0000000008001264                ECC_IRQHandler
                0x0000000008001264                CEC_IRQHandler
                0x0000000008001264                EXTI15_10_IRQHandler
                0x0000000008001264                BDMA_Channel0_IRQHandler
                0x0000000008001264                ADC_IRQHandler
                0x0000000008001264                DMA1_Stream7_IRQHandler
                0x0000000008001264                HRTIM1_TIMA_IRQHandler
                0x0000000008001264                SPI5_IRQHandler
                0x0000000008001264                TIM7_IRQHandler
                0x0000000008001264                SDMMC1_IRQHandler
                0x0000000008001264                TIM5_IRQHandler
                0x0000000008001264                DMA2_Stream7_IRQHandler
                0x0000000008001264                TIM15_IRQHandler
                0x0000000008001264                PVD_AVD_IRQHandler
                0x0000000008001264                I2C3_EV_IRQHandler
                0x0000000008001264                EXTI9_5_IRQHandler
                0x0000000008001264                RTC_WKUP_IRQHandler
                0x0000000008001264                LTDC_IRQHandler
                0x0000000008001264                SAI3_IRQHandler
                0x0000000008001264                ETH_WKUP_IRQHandler
                0x0000000008001264                SPDIF_RX_IRQHandler
                0x0000000008001264                SPI2_IRQHandler
                0x0000000008001264                OTG_HS_EP1_IN_IRQHandler
                0x0000000008001264                DMA1_Stream0_IRQHandler
                0x0000000008001264                CRS_IRQHandler
                0x0000000008001264                EXTI4_IRQHandler
                0x0000000008001264                RNG_IRQHandler
                0x0000000008001264                HRTIM1_TIMB_IRQHandler
                0x0000000008001264                FDCAN2_IT1_IRQHandler
                0x0000000008001264                ETH_IRQHandler
                0x0000000008001264                TIM1_UP_IRQHandler
                0x0000000008001264                BDMA_Channel4_IRQHandler
                0x0000000008001264                OTG_HS_EP1_OUT_IRQHandler
                0x0000000008001264                WWDG_IRQHandler
                0x0000000008001264                SPI6_IRQHandler
                0x0000000008001264                MDIOS_IRQHandler
                0x0000000008001264                I2C4_EV_IRQHandler
                0x0000000008001264                FDCAN2_IT0_IRQHandler
                0x0000000008001264                LPUART1_IRQHandler
                0x0000000008001264                FDCAN1_IT0_IRQHandler
                0x0000000008001264                TIM2_IRQHandler
                0x0000000008001264                OTG_FS_WKUP_IRQHandler
                0x0000000008001264                OTG_HS_IRQHandler
                0x0000000008001264                DMA2D_IRQHandler
                0x0000000008001264                TIM1_BRK_IRQHandler
                0x0000000008001264                EXTI1_IRQHandler
                0x0000000008001264                SDMMC2_IRQHandler
                0x0000000008001264                OTG_FS_EP1_OUT_IRQHandler
                0x0000000008001264                BDMA_Channel3_IRQHandler
                0x0000000008001264                UART7_IRQHandler
                0x0000000008001264                MDIOS_WKUP_IRQHandler
                0x0000000008001264                USART2_IRQHandler
                0x0000000008001264                DFSDM1_FLT0_IRQHandler
                0x0000000008001264                SAI4_IRQHandler
                0x0000000008001264                I2C2_ER_IRQHandler
                0x0000000008001264                DMA2_Stream1_IRQHandler
                0x0000000008001264                FLASH_IRQHandler
                0x0000000008001264                DMA2_Stream4_IRQHandler
                0x0000000008001264                USART1_IRQHandler
                0x0000000008001264                OTG_FS_IRQHandler
                0x0000000008001264                SPI3_IRQHandler
                0x0000000008001264                WAKEUP_PIN_IRQHandler
                0x0000000008001264                DMA1_Stream4_IRQHandler
                0x0000000008001264                OTG_FS_EP1_IN_IRQHandler
                0x0000000008001264                I2C1_ER_IRQHandler
                0x0000000008001264                FMC_IRQHandler
                0x0000000008001264                FDCAN_CAL_IRQHandler
                0x0000000008001264                SWPMI1_IRQHandler
                0x0000000008001264                COMP1_IRQHandler
                0x0000000008001264                LPTIM1_IRQHandler
                0x0000000008001264                I2C4_ER_IRQHandler
                0x0000000008001264                DMA2_Stream6_IRQHandler
                0x0000000008001264                SAI1_IRQHandler
                0x0000000008001264                DMA1_Stream3_IRQHandler
 *fill*         0x0000000008001266        0x2 
 .text.HAL_Init
                0x0000000008001268       0x70 Drivers/STM32H7xx_HAL_Driver/Src/stm32h7xx_hal.o
                0x0000000008001268                HAL_Init
 .text.HAL_InitTick
                0x00000000080012d8       0x6c Drivers/STM32H7xx_HAL_Driver/Src/stm32h7xx_hal.o
                0x00000000080012d8                HAL_InitTick
 .text.HAL_IncTick
                0x0000000008001344       0x28 Drivers/STM32H7xx_HAL_Driver/Src/stm32h7xx_hal.o
                0x0000000008001344                HAL_IncTick
 .text.HAL_GetTick
                0x000000000800136c       0x18 Drivers/STM32H7xx_HAL_Driver/Src/stm32h7xx_hal.o
                0x000000000800136c                HAL_GetTick
 .text.HAL_Delay
                0x0000000008001384       0x44 Drivers/STM32H7xx_HAL_Driver/Src/stm32h7xx_hal.o
                0x0000000008001384                HAL_Delay
 .text.HAL_GetREVID
                0x00000000080013c8       0x18 Drivers/STM32H7xx_HAL_Driver/Src/stm32h7xx_hal.o
                0x00000000080013c8                HAL_GetREVID
 .text.__NVIC_SetPriorityGrouping
                0x00000000080013e0       0x48 Drivers/STM32H7xx_HAL_Driver/Src/stm32h7xx_hal_cortex.o
 .text.__NVIC_GetPriorityGrouping
                0x0000000008001428       0x1c Drivers/STM32H7xx_HAL_Driver/Src/stm32h7xx_hal_cortex.o
 .text.__NVIC_SetPriority
                0x0000000008001444       0x54 Drivers/STM32H7xx_HAL_Driver/Src/stm32h7xx_hal_cortex.o
 .text.NVIC_EncodePriority
                0x0000000008001498       0x66 Drivers/STM32H7xx_HAL_Driver/Src/stm32h7xx_hal_cortex.o
 *fill*         0x00000000080014fe        0x2 
 .text.SysTick_Config
                0x0000000008001500       0x44 Drivers/STM32H7xx_HAL_Driver/Src/stm32h7xx_hal_cortex.o
 .text.HAL_NVIC_SetPriorityGrouping
                0x0000000008001544       0x16 Drivers/STM32H7xx_HAL_Driver/Src/stm32h7xx_hal_cortex.o
                0x0000000008001544                HAL_NVIC_SetPriorityGrouping
 .text.HAL_NVIC_SetPriority
                0x000000000800155a       0x34 Drivers/STM32H7xx_HAL_Driver/Src/stm32h7xx_hal_cortex.o
                0x000000000800155a                HAL_NVIC_SetPriority
 .text.HAL_SYSTICK_Config
                0x000000000800158e       0x18 Drivers/STM32H7xx_HAL_Driver/Src/stm32h7xx_hal_cortex.o
                0x000000000800158e                HAL_SYSTICK_Config
 *fill*         0x00000000080015a6        0x2 
 .text.HAL_GPIO_Init
                0x00000000080015a8      0x360 Drivers/STM32H7xx_HAL_Driver/Src/stm32h7xx_hal_gpio.o
                0x00000000080015a8                HAL_GPIO_Init
 .text.HAL_GPIO_WritePin
                0x0000000008001908       0x32 Drivers/STM32H7xx_HAL_Driver/Src/stm32h7xx_hal_gpio.o
                0x0000000008001908                HAL_GPIO_WritePin
 .text.HAL_GPIO_TogglePin
                0x000000000800193a       0x36 Drivers/STM32H7xx_HAL_Driver/Src/stm32h7xx_hal_gpio.o
                0x000000000800193a                HAL_GPIO_TogglePin
 .text.HAL_PWREx_ConfigSupply
                0x0000000008001970       0x70 Drivers/STM32H7xx_HAL_Driver/Src/stm32h7xx_hal_pwr_ex.o
                0x0000000008001970                HAL_PWREx_ConfigSupply
 .text.HAL_RCC_OscConfig
                0x00000000080019e0      0x770 Drivers/STM32H7xx_HAL_Driver/Src/stm32h7xx_hal_rcc.o
                0x00000000080019e0                HAL_RCC_OscConfig
 .text.HAL_RCC_ClockConfig
                0x0000000008002150      0x348 Drivers/STM32H7xx_HAL_Driver/Src/stm32h7xx_hal_rcc.o
                0x0000000008002150                HAL_RCC_ClockConfig
 .text.HAL_RCC_GetSysClockFreq
                0x0000000008002498      0x2e4 Drivers/STM32H7xx_HAL_Driver/Src/stm32h7xx_hal_rcc.o
                0x0000000008002498                HAL_RCC_GetSysClockFreq
 .text.HAL_RCC_GetHCLKFreq
                0x000000000800277c       0x38 Drivers/STM32H7xx_HAL_Driver/Src/stm32h7xx_hal_rcc.o
                0x000000000800277c                HAL_RCC_GetHCLKFreq
 .text.HAL_RCC_GetPCLK1Freq
                0x00000000080027b4       0x2c Drivers/STM32H7xx_HAL_Driver/Src/stm32h7xx_hal_rcc.o
                0x00000000080027b4                HAL_RCC_GetPCLK1Freq
 .text.HAL_RCC_GetPCLK2Freq
                0x00000000080027e0       0x2c Drivers/STM32H7xx_HAL_Driver/Src/stm32h7xx_hal_rcc.o
                0x00000000080027e0                HAL_RCC_GetPCLK2Freq
 .text.HAL_RCCEx_PeriphCLKConfig
                0x000000000800280c      0xde0 Drivers/STM32H7xx_HAL_Driver/Src/stm32h7xx_hal_rcc_ex.o
                0x000000000800280c                HAL_RCCEx_PeriphCLKConfig
 .text.HAL_RCCEx_GetD3PCLK1Freq
                0x00000000080035ec       0x2c Drivers/STM32H7xx_HAL_Driver/Src/stm32h7xx_hal_rcc_ex.o
                0x00000000080035ec                HAL_RCCEx_GetD3PCLK1Freq
 .text.HAL_RCCEx_GetPLL2ClockFreq
                0x0000000008003618      0x298 Drivers/STM32H7xx_HAL_Driver/Src/stm32h7xx_hal_rcc_ex.o
                0x0000000008003618                HAL_RCCEx_GetPLL2ClockFreq
 .text.HAL_RCCEx_GetPLL3ClockFreq
                0x00000000080038b0      0x298 Drivers/STM32H7xx_HAL_Driver/Src/stm32h7xx_hal_rcc_ex.o
                0x00000000080038b0                HAL_RCCEx_GetPLL3ClockFreq
 .text.HAL_RCCEx_GetD1SysClockFreq
                0x0000000008003b48       0x38 Drivers/STM32H7xx_HAL_Driver/Src/stm32h7xx_hal_rcc_ex.o
                0x0000000008003b48                HAL_RCCEx_GetD1SysClockFreq
 .text.RCCEx_PLL2_Config
                0x0000000008003b80      0x164 Drivers/STM32H7xx_HAL_Driver/Src/stm32h7xx_hal_rcc_ex.o
 .text.RCCEx_PLL3_Config
                0x0000000008003ce4      0x164 Drivers/STM32H7xx_HAL_Driver/Src/stm32h7xx_hal_rcc_ex.o
 .text.HAL_UART_Init
                0x0000000008003e48       0xa0 Drivers/STM32H7xx_HAL_Driver/Src/stm32h7xx_hal_uart.o
                0x0000000008003e48                HAL_UART_Init
 .text.UART_SetConfig
                0x0000000008003ee8     0x22fc Drivers/STM32H7xx_HAL_Driver/Src/stm32h7xx_hal_uart.o
                0x0000000008003ee8                UART_SetConfig
 .text.UART_AdvFeatureConfig
                0x00000000080061e4      0x144 Drivers/STM32H7xx_HAL_Driver/Src/stm32h7xx_hal_uart.o
                0x00000000080061e4                UART_AdvFeatureConfig
 .text.UART_CheckIdleState
                0x0000000008006328       0x90 Drivers/STM32H7xx_HAL_Driver/Src/stm32h7xx_hal_uart.o
                0x0000000008006328                UART_CheckIdleState
 .text.UART_WaitOnFlagUntilTimeout
                0x00000000080063b8      0x100 Drivers/STM32H7xx_HAL_Driver/Src/stm32h7xx_hal_uart.o
                0x00000000080063b8                UART_WaitOnFlagUntilTimeout
 .text.HAL_UARTEx_DisableFifoMode
                0x00000000080064b8       0x72 Drivers/STM32H7xx_HAL_Driver/Src/stm32h7xx_hal_uart_ex.o
                0x00000000080064b8                HAL_UARTEx_DisableFifoMode
 .text.HAL_UARTEx_SetTxFifoThreshold
                0x000000000800652a       0x7c Drivers/STM32H7xx_HAL_Driver/Src/stm32h7xx_hal_uart_ex.o
                0x000000000800652a                HAL_UARTEx_SetTxFifoThreshold
 .text.HAL_UARTEx_SetRxFifoThreshold
                0x00000000080065a6       0x7c Drivers/STM32H7xx_HAL_Driver/Src/stm32h7xx_hal_uart_ex.o
                0x00000000080065a6                HAL_UARTEx_SetRxFifoThreshold
 *fill*         0x0000000008006622        0x2 
 .text.UARTEx_SetNbDataToProcess
                0x0000000008006624       0xd0 Drivers/STM32H7xx_HAL_Driver/Src/stm32h7xx_hal_uart_ex.o
 .text.__libc_init_array
                0x00000000080066f4       0x48 d:/st v1.5.0/stm32cubeide_1.5.0/stm32cubeide/plugins/com.st.stm32cube.ide.mcu.externaltools.gnu-tools-for-stm32.7-2018-q2-update.win32_1.5.0.202011040924/tools/bin/../lib/gcc/arm-none-eabi/7.3.1/../../../../arm-none-eabi/lib/thumb/v7e-m/fpv5/hard\libc_nano.a(lib_a-init.o)
                0x00000000080066f4                __libc_init_array
 .text.memset   0x000000000800673c       0x10 d:/st v1.5.0/stm32cubeide_1.5.0/stm32cubeide/plugins/com.st.stm32cube.ide.mcu.externaltools.gnu-tools-for-stm32.7-2018-q2-update.win32_1.5.0.202011040924/tools/bin/../lib/gcc/arm-none-eabi/7.3.1/../../../../arm-none-eabi/lib/thumb/v7e-m/fpv5/hard\libc_nano.a(lib_a-memset.o)
                0x000000000800673c                memset
 *(.glue_7)
 .glue_7        0x000000000800674c        0x0 linker stubs
 *(.glue_7t)
 .glue_7t       0x000000000800674c        0x0 linker stubs
 *(.eh_frame)
 .eh_frame      0x000000000800674c        0x0 d:/st v1.5.0/stm32cubeide_1.5.0/stm32cubeide/plugins/com.st.stm32cube.ide.mcu.externaltools.gnu-tools-for-stm32.7-2018-q2-update.win32_1.5.0.202011040924/tools/bin/../lib/gcc/arm-none-eabi/7.3.1/thumb/v7e-m/fpv5/hard/crtbegin.o
 *(.init)
 .init          0x000000000800674c        0x4 d:/st v1.5.0/stm32cubeide_1.5.0/stm32cubeide/plugins/com.st.stm32cube.ide.mcu.externaltools.gnu-tools-for-stm32.7-2018-q2-update.win32_1.5.0.202011040924/tools/bin/../lib/gcc/arm-none-eabi/7.3.1/thumb/v7e-m/fpv5/hard/crti.o
                0x000000000800674c                _init
 .init          0x0000000008006750        0x8 d:/st v1.5.0/stm32cubeide_1.5.0/stm32cubeide/plugins/com.st.stm32cube.ide.mcu.externaltools.gnu-tools-for-stm32.7-2018-q2-update.win32_1.5.0.202011040924/tools/bin/../lib/gcc/arm-none-eabi/7.3.1/thumb/v7e-m/fpv5/hard/crtn.o
 *(.fini)
 .fini          0x0000000008006758        0x4 d:/st v1.5.0/stm32cubeide_1.5.0/stm32cubeide/plugins/com.st.stm32cube.ide.mcu.externaltools.gnu-tools-for-stm32.7-2018-q2-update.win32_1.5.0.202011040924/tools/bin/../lib/gcc/arm-none-eabi/7.3.1/thumb/v7e-m/fpv5/hard/crti.o
                0x0000000008006758                _fini
 .fini          0x000000000800675c        0x8 d:/st v1.5.0/stm32cubeide_1.5.0/stm32cubeide/plugins/com.st.stm32cube.ide.mcu.externaltools.gnu-tools-for-stm32.7-2018-q2-update.win32_1.5.0.202011040924/tools/bin/../lib/gcc/arm-none-eabi/7.3.1/thumb/v7e-m/fpv5/hard/crtn.o
                0x0000000008006764                . = ALIGN (0x4)
                0x0000000008006764                _etext = .

.vfp11_veneer   0x0000000008006764        0x0
 .vfp11_veneer  0x0000000008006764        0x0 linker stubs

.v4_bx          0x0000000008006764        0x0
 .v4_bx         0x0000000008006764        0x0 linker stubs

.iplt           0x0000000008006764        0x0
 .iplt          0x0000000008006764        0x0 d:/st v1.5.0/stm32cubeide_1.5.0/stm32cubeide/plugins/com.st.stm32cube.ide.mcu.externaltools.gnu-tools-for-stm32.7-2018-q2-update.win32_1.5.0.202011040924/tools/bin/../lib/gcc/arm-none-eabi/7.3.1/thumb/v7e-m/fpv5/hard/crtbegin.o

.rodata         0x0000000008006764       0x20
                0x0000000008006764                . = ALIGN (0x4)
 *(.rodata)
 .rodata        0x0000000008006764       0x10 Drivers/STM32H7xx_HAL_Driver/Src/stm32h7xx_hal_uart_ex.o
 *(.rodata*)
 .rodata.D1CorePrescTable
                0x0000000008006774       0x10 Core/Src/system_stm32h7xx.o
                0x0000000008006774                D1CorePrescTable
                0x0000000008006784                . = ALIGN (0x4)

.ARM.extab      0x0000000008006784        0x0
                0x0000000008006784                . = ALIGN (0x4)
 *(.ARM.extab* .gnu.linkonce.armextab.*)
                0x0000000008006784                . = ALIGN (0x4)

.ARM            0x0000000008006784        0x8
                0x0000000008006784                . = ALIGN (0x4)
                0x0000000008006784                __exidx_start = .
 *(.ARM.exidx*)
 .ARM.exidx     0x0000000008006784        0x8 d:/st v1.5.0/stm32cubeide_1.5.0/stm32cubeide/plugins/com.st.stm32cube.ide.mcu.externaltools.gnu-tools-for-stm32.7-2018-q2-update.win32_1.5.0.202011040924/tools/bin/../lib/gcc/arm-none-eabi/7.3.1/thumb/v7e-m/fpv5/hard\libgcc.a(_udivmoddi4.o)
                0x000000000800678c                __exidx_end = .
                0x000000000800678c                . = ALIGN (0x4)

.rel.dyn        0x000000000800678c        0x0
 .rel.iplt      0x000000000800678c        0x0 d:/st v1.5.0/stm32cubeide_1.5.0/stm32cubeide/plugins/com.st.stm32cube.ide.mcu.externaltools.gnu-tools-for-stm32.7-2018-q2-update.win32_1.5.0.202011040924/tools/bin/../lib/gcc/arm-none-eabi/7.3.1/thumb/v7e-m/fpv5/hard/crtbegin.o

.preinit_array  0x000000000800678c        0x0
                0x000000000800678c                . = ALIGN (0x4)
                0x000000000800678c                PROVIDE (__preinit_array_start = .)
 *(.preinit_array*)
                0x000000000800678c                PROVIDE (__preinit_array_end = .)
                0x000000000800678c                . = ALIGN (0x4)

.init_array     0x000000000800678c        0x4
                0x000000000800678c                . = ALIGN (0x4)
                0x000000000800678c                PROVIDE (__init_array_start = .)
 *(SORT_BY_NAME(.init_array.*))
 *(.init_array*)
 .init_array    0x000000000800678c        0x4 d:/st v1.5.0/stm32cubeide_1.5.0/stm32cubeide/plugins/com.st.stm32cube.ide.mcu.externaltools.gnu-tools-for-stm32.7-2018-q2-update.win32_1.5.0.202011040924/tools/bin/../lib/gcc/arm-none-eabi/7.3.1/thumb/v7e-m/fpv5/hard/crtbegin.o
                0x0000000008006790                PROVIDE (__init_array_end = .)
                0x0000000008006790                . = ALIGN (0x4)

.fini_array     0x0000000008006790        0x4
                0x0000000008006790                . = ALIGN (0x4)
                [!provide]                        PROVIDE (__fini_array_start = .)
 *(SORT_BY_NAME(.fini_array.*))
 *(.fini_array*)
 .fini_array    0x0000000008006790        0x4 d:/st v1.5.0/stm32cubeide_1.5.0/stm32cubeide/plugins/com.st.stm32cube.ide.mcu.externaltools.gnu-tools-for-stm32.7-2018-q2-update.win32_1.5.0.202011040924/tools/bin/../lib/gcc/arm-none-eabi/7.3.1/thumb/v7e-m/fpv5/hard/crtbegin.o
                [!provide]                        PROVIDE (__fini_array_end = .)
                0x0000000008006794                . = ALIGN (0x4)
                0x0000000008006794                _sidata = LOADADDR (.data)

.data           0x0000000024000000       0x48 load address 0x0000000008006794
                0x0000000024000000                . = ALIGN (0x4)
                0x0000000024000000                _sdata = .
 *(.data)
 *(.data*)
 .data.Prev_Error
                0x0000000024000000        0x4 Core/Src/PID_Control.o
                0x0000000024000000                Prev_Error
 .data.time     0x0000000024000004        0x4 Core/Src/main.o
                0x0000000024000004                time
 .data.Set_pt   0x0000000024000008        0x4 Core/Src/main.o
                0x0000000024000008                Set_pt
 .data.Current_position
                0x000000002400000c        0x4 Core/Src/main.o
                0x000000002400000c                Current_position
 .data.pos_P    0x0000000024000010        0x4 Core/Src/main.o
                0x0000000024000010                pos_P
 .data.pos_I    0x0000000024000014        0x4 Core/Src/main.o
                0x0000000024000014                pos_I
 .data.speed_P  0x0000000024000018        0x4 Core/Src/main.o
                0x0000000024000018                speed_P
 .data.speed_I  0x000000002400001c        0x4 Core/Src/main.o
                0x000000002400001c                speed_I
 .data.curr_P   0x0000000024000020        0x4 Core/Src/main.o
                0x0000000024000020                curr_P
 .data.curr_I   0x0000000024000024        0x4 Core/Src/main.o
                0x0000000024000024                curr_I
 .data.current_in
                0x0000000024000028        0x4 Core/Src/main.o
                0x0000000024000028                current_in
 .data.input_halls
                0x000000002400002c        0xc Core/Src/main.o
                0x000000002400002c                input_halls
 .data.SystemCoreClock
                0x0000000024000038        0x4 Core/Src/system_stm32h7xx.o
                0x0000000024000038                SystemCoreClock
 .data.SystemD2Clock
                0x000000002400003c        0x4 Core/Src/system_stm32h7xx.o
                0x000000002400003c                SystemD2Clock
 .data.uwTickPrio
                0x0000000024000040        0x4 Drivers/STM32H7xx_HAL_Driver/Src/stm32h7xx_hal.o
                0x0000000024000040                uwTickPrio
 .data.uwTickFreq
                0x0000000024000044        0x1 Drivers/STM32H7xx_HAL_Driver/Src/stm32h7xx_hal.o
                0x0000000024000044                uwTickFreq
                0x0000000024000048                . = ALIGN (0x4)
 *fill*         0x0000000024000045        0x3 
                0x0000000024000048                _edata = .

.igot.plt       0x0000000024000048        0x0 load address 0x00000000080067dc
 .igot.plt      0x0000000024000048        0x0 d:/st v1.5.0/stm32cubeide_1.5.0/stm32cubeide/plugins/com.st.stm32cube.ide.mcu.externaltools.gnu-tools-for-stm32.7-2018-q2-update.win32_1.5.0.202011040924/tools/bin/../lib/gcc/arm-none-eabi/7.3.1/thumb/v7e-m/fpv5/hard/crtbegin.o
                0x0000000024000048                . = ALIGN (0x4)

.bss            0x0000000024000048      0x1a0 load address 0x00000000080067dc
                0x0000000024000048                _sbss = .
                0x0000000024000048                __bss_start__ = _sbss
 *(.bss)
 .bss           0x0000000024000048       0x1c d:/st v1.5.0/stm32cubeide_1.5.0/stm32cubeide/plugins/com.st.stm32cube.ide.mcu.externaltools.gnu-tools-for-stm32.7-2018-q2-update.win32_1.5.0.202011040924/tools/bin/../lib/gcc/arm-none-eabi/7.3.1/thumb/v7e-m/fpv5/hard/crtbegin.o
 *(.bss*)
 *(COMMON)
 COMMON         0x0000000024000064       0x24 Core/Src/Logic.o
                0x0000000024000064                hall_out3
                0x0000000024000068                hall_out
                0x0000000024000074                hall_out1
                0x0000000024000078                hall_out2
                0x000000002400007c                hall_in
 COMMON         0x0000000024000088       0x14 Core/Src/PID_Control.o
                0x0000000024000088                P_controller
                0x000000002400008c                Add_err
                0x0000000024000090                PI_controller
                0x0000000024000094                I_controller
                0x0000000024000098                Error
 COMMON         0x000000002400009c      0x148 Core/Src/main.o
                0x000000002400009c                huart3
                0x0000000024000128                pos_loop
                0x000000002400012c                hall_output
                0x0000000024000130                Output
                0x000000002400013c                speed_loop
                0x0000000024000140                ref_speed
                0x0000000024000144                hall_vec
                0x0000000024000150                huart2
                0x00000000240001dc                current_loop
                0x00000000240001e0                deriv
 COMMON         0x00000000240001e4        0x4 Drivers/STM32H7xx_HAL_Driver/Src/stm32h7xx_hal.o
                0x00000000240001e4                uwTick
                0x00000000240001e8                . = ALIGN (0x4)
                0x00000000240001e8                _ebss = .
                0x00000000240001e8                __bss_end__ = _ebss

._user_heap_stack
                0x00000000240001e8      0x600 load address 0x00000000080067dc
                0x00000000240001e8                . = ALIGN (0x8)
                0x00000000240001e8                PROVIDE (end = .)
                [!provide]                        PROVIDE (_end = .)
                0x00000000240003e8                . = (. + _Min_Heap_Size)
 *fill*         0x00000000240001e8      0x200 
                0x00000000240007e8                . = (. + _Min_Stack_Size)
 *fill*         0x00000000240003e8      0x400 
                0x00000000240007e8                . = ALIGN (0x8)

/DISCARD/
 libc.a(*)
 libm.a(*)
 libgcc.a(*)

.ARM.attributes
                0x0000000000000000       0x2e
 *(.ARM.attributes)
 .ARM.attributes
                0x0000000000000000       0x20 d:/st v1.5.0/stm32cubeide_1.5.0/stm32cubeide/plugins/com.st.stm32cube.ide.mcu.externaltools.gnu-tools-for-stm32.7-2018-q2-update.win32_1.5.0.202011040924/tools/bin/../lib/gcc/arm-none-eabi/7.3.1/thumb/v7e-m/fpv5/hard/crti.o
 .ARM.attributes
                0x0000000000000020       0x32 d:/st v1.5.0/stm32cubeide_1.5.0/stm32cubeide/plugins/com.st.stm32cube.ide.mcu.externaltools.gnu-tools-for-stm32.7-2018-q2-update.win32_1.5.0.202011040924/tools/bin/../lib/gcc/arm-none-eabi/7.3.1/thumb/v7e-m/fpv5/hard/crtbegin.o
 .ARM.attributes
                0x0000000000000052       0x37 Core/Src/Logic.o
 .ARM.attributes
                0x0000000000000089       0x37 Core/Src/PID_Control.o
 .ARM.attributes
                0x00000000000000c0       0x37 Core/Src/main.o
 .ARM.attributes
                0x00000000000000f7       0x37 Core/Src/stm32h7xx_hal_msp.o
 .ARM.attributes
                0x000000000000012e       0x37 Core/Src/stm32h7xx_it.o
 .ARM.attributes
                0x0000000000000165       0x37 Core/Src/system_stm32h7xx.o
 .ARM.attributes
                0x000000000000019c       0x21 Core/Startup/startup_stm32h743zitx.o
 .ARM.attributes
                0x00000000000001bd       0x37 Drivers/STM32H7xx_HAL_Driver/Src/stm32h7xx_hal.o
 .ARM.attributes
                0x00000000000001f4       0x37 Drivers/STM32H7xx_HAL_Driver/Src/stm32h7xx_hal_cortex.o
 .ARM.attributes
                0x000000000000022b       0x37 Drivers/STM32H7xx_HAL_Driver/Src/stm32h7xx_hal_gpio.o
 .ARM.attributes
                0x0000000000000262       0x37 Drivers/STM32H7xx_HAL_Driver/Src/stm32h7xx_hal_pwr_ex.o
 .ARM.attributes
                0x0000000000000299       0x37 Drivers/STM32H7xx_HAL_Driver/Src/stm32h7xx_hal_rcc.o
 .ARM.attributes
                0x00000000000002d0       0x37 Drivers/STM32H7xx_HAL_Driver/Src/stm32h7xx_hal_rcc_ex.o
 .ARM.attributes
                0x0000000000000307       0x37 Drivers/STM32H7xx_HAL_Driver/Src/stm32h7xx_hal_uart.o
 .ARM.attributes
                0x000000000000033e       0x37 Drivers/STM32H7xx_HAL_Driver/Src/stm32h7xx_hal_uart_ex.o
 .ARM.attributes
                0x0000000000000375       0x32 d:/st v1.5.0/stm32cubeide_1.5.0/stm32cubeide/plugins/com.st.stm32cube.ide.mcu.externaltools.gnu-tools-for-stm32.7-2018-q2-update.win32_1.5.0.202011040924/tools/bin/../lib/gcc/arm-none-eabi/7.3.1/../../../../arm-none-eabi/lib/thumb/v7e-m/fpv5/hard\libc_nano.a(lib_a-init.o)
 .ARM.attributes
                0x00000000000003a7       0x32 d:/st v1.5.0/stm32cubeide_1.5.0/stm32cubeide/plugins/com.st.stm32cube.ide.mcu.externaltools.gnu-tools-for-stm32.7-2018-q2-update.win32_1.5.0.202011040924/tools/bin/../lib/gcc/arm-none-eabi/7.3.1/../../../../arm-none-eabi/lib/thumb/v7e-m/fpv5/hard\libc_nano.a(lib_a-memset.o)
 .ARM.attributes
                0x00000000000003d9       0x20 d:/st v1.5.0/stm32cubeide_1.5.0/stm32cubeide/plugins/com.st.stm32cube.ide.mcu.externaltools.gnu-tools-for-stm32.7-2018-q2-update.win32_1.5.0.202011040924/tools/bin/../lib/gcc/arm-none-eabi/7.3.1/thumb/v7e-m/fpv5/hard\libgcc.a(_aeabi_uldivmod.o)
 .ARM.attributes
                0x00000000000003f9       0x32 d:/st v1.5.0/stm32cubeide_1.5.0/stm32cubeide/plugins/com.st.stm32cube.ide.mcu.externaltools.gnu-tools-for-stm32.7-2018-q2-update.win32_1.5.0.202011040924/tools/bin/../lib/gcc/arm-none-eabi/7.3.1/thumb/v7e-m/fpv5/hard\libgcc.a(_udivmoddi4.o)
 .ARM.attributes
                0x000000000000042b       0x20 d:/st v1.5.0/stm32cubeide_1.5.0/stm32cubeide/plugins/com.st.stm32cube.ide.mcu.externaltools.gnu-tools-for-stm32.7-2018-q2-update.win32_1.5.0.202011040924/tools/bin/../lib/gcc/arm-none-eabi/7.3.1/thumb/v7e-m/fpv5/hard\libgcc.a(_dvmd_tls.o)
 .ARM.attributes
                0x000000000000044b       0x20 d:/st v1.5.0/stm32cubeide_1.5.0/stm32cubeide/plugins/com.st.stm32cube.ide.mcu.externaltools.gnu-tools-for-stm32.7-2018-q2-update.win32_1.5.0.202011040924/tools/bin/../lib/gcc/arm-none-eabi/7.3.1/thumb/v7e-m/fpv5/hard/crtn.o
OUTPUT(H743.elf elf32-littlearm)

.debug_info     0x0000000000000000    0x124c0
 .debug_info    0x0000000000000000       0xd9 Core/Src/Logic.o
 .debug_info    0x00000000000000d9      0x11f Core/Src/PID_Control.o
 .debug_info    0x00000000000001f8     0x1f3f Core/Src/main.o
 .debug_info    0x0000000000002137     0x160b Core/Src/stm32h7xx_hal_msp.o
 .debug_info    0x0000000000003742      0xb36 Core/Src/stm32h7xx_it.o
 .debug_info    0x0000000000004278     0x1322 Core/Src/system_stm32h7xx.o
 .debug_info    0x000000000000559a       0x22 Core/Startup/startup_stm32h743zitx.o
 .debug_info    0x00000000000055bc     0x1de0 Drivers/STM32H7xx_HAL_Driver/Src/stm32h7xx_hal.o
 .debug_info    0x000000000000739c     0x1a74 Drivers/STM32H7xx_HAL_Driver/Src/stm32h7xx_hal_cortex.o
 .debug_info    0x0000000000008e10     0x1640 Drivers/STM32H7xx_HAL_Driver/Src/stm32h7xx_hal_gpio.o
 .debug_info    0x000000000000a450     0x1746 Drivers/STM32H7xx_HAL_Driver/Src/stm32h7xx_hal_pwr_ex.o
 .debug_info    0x000000000000bb96     0x1760 Drivers/STM32H7xx_HAL_Driver/Src/stm32h7xx_hal_rcc.o
 .debug_info    0x000000000000d2f6     0x18cf Drivers/STM32H7xx_HAL_Driver/Src/stm32h7xx_hal_rcc_ex.o
 .debug_info    0x000000000000ebc5     0x2478 Drivers/STM32H7xx_HAL_Driver/Src/stm32h7xx_hal_uart.o
 .debug_info    0x000000000001103d     0x1483 Drivers/STM32H7xx_HAL_Driver/Src/stm32h7xx_hal_uart_ex.o

.debug_abbrev   0x0000000000000000     0x20db
 .debug_abbrev  0x0000000000000000       0x84 Core/Src/Logic.o
 .debug_abbrev  0x0000000000000084       0x67 Core/Src/PID_Control.o
 .debug_abbrev  0x00000000000000eb      0x2aa Core/Src/main.o
 .debug_abbrev  0x0000000000000395      0x226 Core/Src/stm32h7xx_hal_msp.o
 .debug_abbrev  0x00000000000005bb      0x1c9 Core/Src/stm32h7xx_it.o
 .debug_abbrev  0x0000000000000784      0x21f Core/Src/system_stm32h7xx.o
 .debug_abbrev  0x00000000000009a3       0x12 Core/Startup/startup_stm32h743zitx.o
 .debug_abbrev  0x00000000000009b5      0x2db Drivers/STM32H7xx_HAL_Driver/Src/stm32h7xx_hal.o
 .debug_abbrev  0x0000000000000c90      0x3b5 Drivers/STM32H7xx_HAL_Driver/Src/stm32h7xx_hal_cortex.o
 .debug_abbrev  0x0000000000001045      0x28f Drivers/STM32H7xx_HAL_Driver/Src/stm32h7xx_hal_gpio.o
 .debug_abbrev  0x00000000000012d4      0x345 Drivers/STM32H7xx_HAL_Driver/Src/stm32h7xx_hal_pwr_ex.o
 .debug_abbrev  0x0000000000001619      0x2e2 Drivers/STM32H7xx_HAL_Driver/Src/stm32h7xx_hal_rcc.o
 .debug_abbrev  0x00000000000018fb      0x2c3 Drivers/STM32H7xx_HAL_Driver/Src/stm32h7xx_hal_rcc_ex.o
 .debug_abbrev  0x0000000000001bbe      0x2ae Drivers/STM32H7xx_HAL_Driver/Src/stm32h7xx_hal_uart.o
 .debug_abbrev  0x0000000000001e6c      0x26f Drivers/STM32H7xx_HAL_Driver/Src/stm32h7xx_hal_uart_ex.o

.debug_aranges  0x0000000000000000      0xa18
 .debug_aranges
                0x0000000000000000       0x20 Core/Src/Logic.o
 .debug_aranges
                0x0000000000000020       0x20 Core/Src/PID_Control.o
 .debug_aranges
                0x0000000000000040       0x50 Core/Src/main.o
 .debug_aranges
                0x0000000000000090       0x30 Core/Src/stm32h7xx_hal_msp.o
 .debug_aranges
                0x00000000000000c0       0x60 Core/Src/stm32h7xx_it.o
 .debug_aranges
                0x0000000000000120       0x28 Core/Src/system_stm32h7xx.o
 .debug_aranges
                0x0000000000000148       0x28 Core/Startup/startup_stm32h743zitx.o
 .debug_aranges
                0x0000000000000170      0x1b8 Drivers/STM32H7xx_HAL_Driver/Src/stm32h7xx_hal.o
 .debug_aranges
                0x0000000000000328      0x120 Drivers/STM32H7xx_HAL_Driver/Src/stm32h7xx_hal_cortex.o
 .debug_aranges
                0x0000000000000448       0x58 Drivers/STM32H7xx_HAL_Driver/Src/stm32h7xx_hal_gpio.o
 .debug_aranges
                0x00000000000004a0      0x158 Drivers/STM32H7xx_HAL_Driver/Src/stm32h7xx_hal_pwr_ex.o
 .debug_aranges
                0x00000000000005f8       0x88 Drivers/STM32H7xx_HAL_Driver/Src/stm32h7xx_hal_rcc.o
 .debug_aranges
                0x0000000000000680       0xe0 Drivers/STM32H7xx_HAL_Driver/Src/stm32h7xx_hal_rcc_ex.o
 .debug_aranges
                0x0000000000000760      0x230 Drivers/STM32H7xx_HAL_Driver/Src/stm32h7xx_hal_uart.o
 .debug_aranges
                0x0000000000000990       0x88 Drivers/STM32H7xx_HAL_Driver/Src/stm32h7xx_hal_uart_ex.o

.debug_ranges   0x0000000000000000      0x930
 .debug_ranges  0x0000000000000000       0x10 Core/Src/Logic.o
 .debug_ranges  0x0000000000000010       0x10 Core/Src/PID_Control.o
 .debug_ranges  0x0000000000000020       0x40 Core/Src/main.o
 .debug_ranges  0x0000000000000060       0x20 Core/Src/stm32h7xx_hal_msp.o
 .debug_ranges  0x0000000000000080       0x50 Core/Src/stm32h7xx_it.o
 .debug_ranges  0x00000000000000d0       0x18 Core/Src/system_stm32h7xx.o
 .debug_ranges  0x00000000000000e8       0x20 Core/Startup/startup_stm32h743zitx.o
 .debug_ranges  0x0000000000000108      0x1a8 Drivers/STM32H7xx_HAL_Driver/Src/stm32h7xx_hal.o
 .debug_ranges  0x00000000000002b0      0x110 Drivers/STM32H7xx_HAL_Driver/Src/stm32h7xx_hal_cortex.o
 .debug_ranges  0x00000000000003c0       0x48 Drivers/STM32H7xx_HAL_Driver/Src/stm32h7xx_hal_gpio.o
 .debug_ranges  0x0000000000000408      0x148 Drivers/STM32H7xx_HAL_Driver/Src/stm32h7xx_hal_pwr_ex.o
 .debug_ranges  0x0000000000000550       0x78 Drivers/STM32H7xx_HAL_Driver/Src/stm32h7xx_hal_rcc.o
 .debug_ranges  0x00000000000005c8       0xd0 Drivers/STM32H7xx_HAL_Driver/Src/stm32h7xx_hal_rcc_ex.o
 .debug_ranges  0x0000000000000698      0x220 Drivers/STM32H7xx_HAL_Driver/Src/stm32h7xx_hal_uart.o
 .debug_ranges  0x00000000000008b8       0x78 Drivers/STM32H7xx_HAL_Driver/Src/stm32h7xx_hal_uart_ex.o

.debug_macro    0x0000000000000000    0x34670
 .debug_macro   0x0000000000000000       0x1b Core/Src/Logic.o
 .debug_macro   0x000000000000001b      0xa66 Core/Src/Logic.o
 .debug_macro   0x0000000000000a81       0x1b Core/Src/PID_Control.o
 .debug_macro   0x0000000000000a9c      0x2c5 Core/Src/main.o
 .debug_macro   0x0000000000000d61      0x1cf Core/Src/main.o
 .debug_macro   0x0000000000000f30       0x2e Core/Src/main.o
 .debug_macro   0x0000000000000f5e       0x3b Core/Src/main.o
 .debug_macro   0x0000000000000f99       0x22 Core/Src/main.o
 .debug_macro   0x0000000000000fbb       0x8e Core/Src/main.o
 .debug_macro   0x0000000000001049       0x51 Core/Src/main.o
 .debug_macro   0x000000000000109a       0xef Core/Src/main.o
 .debug_macro   0x0000000000001189       0x6a Core/Src/main.o
 .debug_macro   0x00000000000011f3      0x1df Core/Src/main.o
 .debug_macro   0x00000000000013d2       0x1c Core/Src/main.o
 .debug_macro   0x00000000000013ee       0x22 Core/Src/main.o
 .debug_macro   0x0000000000001410       0xdf Core/Src/main.o
 .debug_macro   0x00000000000014ef     0x12cd Core/Src/main.o
 .debug_macro   0x00000000000027bc      0x11f Core/Src/main.o
 .debug_macro   0x00000000000028db       0x19 Core/Src/main.o
 .debug_macro   0x00000000000028f4    0x250ca Core/Src/main.o
 .debug_macro   0x00000000000279be       0x43 Core/Src/main.o
 .debug_macro   0x0000000000027a01     0x3bd7 Core/Src/main.o
 .debug_macro   0x000000000002b5d8      0x174 Core/Src/main.o
 .debug_macro   0x000000000002b74c       0x46 Core/Src/main.o
 .debug_macro   0x000000000002b792       0x17 Core/Src/main.o
 .debug_macro   0x000000000002b7a9       0x3c Core/Src/main.o
 .debug_macro   0x000000000002b7e5       0x34 Core/Src/main.o
 .debug_macro   0x000000000002b819       0x52 Core/Src/main.o
 .debug_macro   0x000000000002b86b       0x1f Core/Src/main.o
 .debug_macro   0x000000000002b88a       0x43 Core/Src/main.o
 .debug_macro   0x000000000002b8cd       0x20 Core/Src/main.o
 .debug_macro   0x000000000002b8ed      0x1a3 Core/Src/main.o
 .debug_macro   0x000000000002ba90      0x32a Core/Src/main.o
 .debug_macro   0x000000000002bdba      0x1e1 Core/Src/main.o
 .debug_macro   0x000000000002bf9b       0x54 Core/Src/main.o
 .debug_macro   0x000000000002bfef     0x23dd Core/Src/main.o
 .debug_macro   0x000000000002e3cc      0xf3e Core/Src/main.o
 .debug_macro   0x000000000002f30a      0x146 Core/Src/main.o
 .debug_macro   0x000000000002f450      0x117 Core/Src/main.o
 .debug_macro   0x000000000002f567      0x362 Core/Src/main.o
 .debug_macro   0x000000000002f8c9       0x27 Core/Src/main.o
 .debug_macro   0x000000000002f8f0      0x72d Core/Src/main.o
 .debug_macro   0x000000000003001d      0x229 Core/Src/main.o
 .debug_macro   0x0000000000030246       0x66 Core/Src/main.o
 .debug_macro   0x00000000000302ac      0x39f Core/Src/main.o
 .debug_macro   0x000000000003064b      0x3e5 Core/Src/main.o
 .debug_macro   0x0000000000030a30      0x275 Core/Src/main.o
 .debug_macro   0x0000000000030ca5      0x3c6 Core/Src/main.o
 .debug_macro   0x000000000003106b      0x40f Core/Src/main.o
 .debug_macro   0x000000000003147a       0x51 Core/Src/main.o
 .debug_macro   0x00000000000314cb       0x4a Core/Src/main.o
 .debug_macro   0x0000000000031515      0x22c Core/Src/main.o
 .debug_macro   0x0000000000031741       0x58 Core/Src/main.o
 .debug_macro   0x0000000000031799       0xa5 Core/Src/main.o
 .debug_macro   0x000000000003183e      0x165 Core/Src/main.o
 .debug_macro   0x00000000000319a3      0x246 Core/Src/main.o
 .debug_macro   0x0000000000031be9       0x35 Core/Src/main.o
 .debug_macro   0x0000000000031c1e      0x662 Core/Src/main.o
 .debug_macro   0x0000000000032280       0xa6 Core/Src/main.o
 .debug_macro   0x0000000000032326      0x57c Core/Src/main.o
 .debug_macro   0x00000000000328a2       0x64 Core/Src/main.o
 .debug_macro   0x0000000000032906       0x16 Core/Src/main.o
 .debug_macro   0x000000000003291c       0x35 Core/Src/main.o
 .debug_macro   0x0000000000032951       0x20 Core/Src/main.o
 .debug_macro   0x0000000000032971      0x295 Core/Src/stm32h7xx_hal_msp.o
 .debug_macro   0x0000000000032c06      0x29f Core/Src/stm32h7xx_it.o
 .debug_macro   0x0000000000032ea5      0x28c Core/Src/system_stm32h7xx.o
 .debug_macro   0x0000000000033131      0x2b0 Drivers/STM32H7xx_HAL_Driver/Src/stm32h7xx_hal.o
 .debug_macro   0x00000000000333e1      0x286 Drivers/STM32H7xx_HAL_Driver/Src/stm32h7xx_hal_cortex.o
 .debug_macro   0x0000000000033667      0x2c2 Drivers/STM32H7xx_HAL_Driver/Src/stm32h7xx_hal_gpio.o
 .debug_macro   0x0000000000033929      0x2b6 Drivers/STM32H7xx_HAL_Driver/Src/stm32h7xx_hal_pwr_ex.o
 .debug_macro   0x0000000000033bdf      0x2aa Drivers/STM32H7xx_HAL_Driver/Src/stm32h7xx_hal_rcc.o
 .debug_macro   0x0000000000033e89      0x2a4 Drivers/STM32H7xx_HAL_Driver/Src/stm32h7xx_hal_rcc_ex.o
 .debug_macro   0x000000000003412d      0x2b1 Drivers/STM32H7xx_HAL_Driver/Src/stm32h7xx_hal_uart.o
 .debug_macro   0x00000000000343de      0x292 Drivers/STM32H7xx_HAL_Driver/Src/stm32h7xx_hal_uart_ex.o

.debug_line     0x0000000000000000     0x9c9c
 .debug_line    0x0000000000000000       0xdf Core/Src/Logic.o
 .debug_line    0x00000000000000df       0x70 Core/Src/PID_Control.o
 .debug_line    0x000000000000014f      0x975 Core/Src/main.o
 .debug_line    0x0000000000000ac4      0x886 Core/Src/stm32h7xx_hal_msp.o
 .debug_line    0x000000000000134a      0x8de Core/Src/stm32h7xx_it.o
 .debug_line    0x0000000000001c28      0x87a Core/Src/system_stm32h7xx.o
 .debug_line    0x00000000000024a2       0x85 Core/Startup/startup_stm32h743zitx.o
 .debug_line    0x0000000000002527      0xc37 Drivers/STM32H7xx_HAL_Driver/Src/stm32h7xx_hal.o
 .debug_line    0x000000000000315e      0xb76 Drivers/STM32H7xx_HAL_Driver/Src/stm32h7xx_hal_cortex.o
 .debug_line    0x0000000000003cd4      0xa31 Drivers/STM32H7xx_HAL_Driver/Src/stm32h7xx_hal_gpio.o
 .debug_line    0x0000000000004705      0xbf1 Drivers/STM32H7xx_HAL_Driver/Src/stm32h7xx_hal_pwr_ex.o
 .debug_line    0x00000000000052f6      0xbab Drivers/STM32H7xx_HAL_Driver/Src/stm32h7xx_hal_rcc.o
 .debug_line    0x0000000000005ea1      0xe09 Drivers/STM32H7xx_HAL_Driver/Src/stm32h7xx_hal_rcc_ex.o
 .debug_line    0x0000000000006caa     0x2549 Drivers/STM32H7xx_HAL_Driver/Src/stm32h7xx_hal_uart.o
 .debug_line    0x00000000000091f3      0xaa9 Drivers/STM32H7xx_HAL_Driver/Src/stm32h7xx_hal_uart_ex.o

.debug_str      0x0000000000000000   0x151463
 .debug_str     0x0000000000000000     0x2d37 Core/Src/Logic.o
                                       0x2d44 (size before relaxing)
 .debug_str     0x0000000000002d37       0x95 Core/Src/PID_Control.o
                                       0x2d84 (size before relaxing)
 .debug_str     0x0000000000002dcc   0x14b24d Core/Src/main.o
                                     0x14e512 (size before relaxing)
 .debug_str     0x000000000014e019       0x56 Core/Src/stm32h7xx_hal_msp.o
                                     0x14ddec (size before relaxing)
 .debug_str     0x000000000014e06f       0xbd Core/Src/stm32h7xx_it.o
                                     0x14d6b7 (size before relaxing)
 .debug_str     0x000000000014e12c      0x1e7 Core/Src/system_stm32h7xx.o
                                     0x14d885 (size before relaxing)
 .debug_str     0x000000000014e313       0x36 Core/Startup/startup_stm32h743zitx.o
                                         0x52 (size before relaxing)
 .debug_str     0x000000000014e349      0xf8f Drivers/STM32H7xx_HAL_Driver/Src/stm32h7xx_hal.o
                                     0x14e846 (size before relaxing)
 .debug_str     0x000000000014f2d8      0x3a8 Drivers/STM32H7xx_HAL_Driver/Src/stm32h7xx_hal_cortex.o
                                     0x14e2f2 (size before relaxing)
 .debug_str     0x000000000014f680      0x1f6 Drivers/STM32H7xx_HAL_Driver/Src/stm32h7xx_hal_gpio.o
                                     0x14da8a (size before relaxing)
 .debug_str     0x000000000014f876      0x67f Drivers/STM32H7xx_HAL_Driver/Src/stm32h7xx_hal_pwr_ex.o
                                     0x14de28 (size before relaxing)
 .debug_str     0x000000000014fef5      0x36e Drivers/STM32H7xx_HAL_Driver/Src/stm32h7xx_hal_rcc.o
                                     0x14dce7 (size before relaxing)
 .debug_str     0x0000000000150263      0x615 Drivers/STM32H7xx_HAL_Driver/Src/stm32h7xx_hal_rcc_ex.o
                                     0x14e0be (size before relaxing)
 .debug_str     0x0000000000150878      0x95e Drivers/STM32H7xx_HAL_Driver/Src/stm32h7xx_hal_uart.o
                                     0x14e641 (size before relaxing)
 .debug_str     0x00000000001511d6      0x28d Drivers/STM32H7xx_HAL_Driver/Src/stm32h7xx_hal_uart_ex.o
                                     0x14dc89 (size before relaxing)

.comment        0x0000000000000000       0x7b
 .comment       0x0000000000000000       0x7b Core/Src/Logic.o
                                         0x7c (size before relaxing)
 .comment       0x000000000000007b       0x7c Core/Src/PID_Control.o
 .comment       0x000000000000007b       0x7c Core/Src/main.o
 .comment       0x000000000000007b       0x7c Core/Src/stm32h7xx_hal_msp.o
 .comment       0x000000000000007b       0x7c Core/Src/stm32h7xx_it.o
 .comment       0x000000000000007b       0x7c Core/Src/system_stm32h7xx.o
 .comment       0x000000000000007b       0x7c Drivers/STM32H7xx_HAL_Driver/Src/stm32h7xx_hal.o
 .comment       0x000000000000007b       0x7c Drivers/STM32H7xx_HAL_Driver/Src/stm32h7xx_hal_cortex.o
 .comment       0x000000000000007b       0x7c Drivers/STM32H7xx_HAL_Driver/Src/stm32h7xx_hal_gpio.o
 .comment       0x000000000000007b       0x7c Drivers/STM32H7xx_HAL_Driver/Src/stm32h7xx_hal_pwr_ex.o
 .comment       0x000000000000007b       0x7c Drivers/STM32H7xx_HAL_Driver/Src/stm32h7xx_hal_rcc.o
 .comment       0x000000000000007b       0x7c Drivers/STM32H7xx_HAL_Driver/Src/stm32h7xx_hal_rcc_ex.o
 .comment       0x000000000000007b       0x7c Drivers/STM32H7xx_HAL_Driver/Src/stm32h7xx_hal_uart.o
 .comment       0x000000000000007b       0x7c Drivers/STM32H7xx_HAL_Driver/Src/stm32h7xx_hal_uart_ex.o

.debug_frame    0x0000000000000000     0x283c
 .debug_frame   0x0000000000000000       0x38 Core/Src/Logic.o
 .debug_frame   0x0000000000000038       0x38 Core/Src/PID_Control.o
 .debug_frame   0x0000000000000070       0xfc Core/Src/main.o
 .debug_frame   0x000000000000016c       0x80 Core/Src/stm32h7xx_hal_msp.o
 .debug_frame   0x00000000000001ec      0x10c Core/Src/stm32h7xx_it.o
 .debug_frame   0x00000000000002f8       0x58 Core/Src/system_stm32h7xx.o
 .debug_frame   0x0000000000000350      0x708 Drivers/STM32H7xx_HAL_Driver/Src/stm32h7xx_hal.o
 .debug_frame   0x0000000000000a58      0x4b8 Drivers/STM32H7xx_HAL_Driver/Src/stm32h7xx_hal_cortex.o
 .debug_frame   0x0000000000000f10      0x14c Drivers/STM32H7xx_HAL_Driver/Src/stm32h7xx_hal_gpio.o
 .debug_frame   0x000000000000105c      0x580 Drivers/STM32H7xx_HAL_Driver/Src/stm32h7xx_hal_pwr_ex.o
 .debug_frame   0x00000000000015dc      0x1ec Drivers/STM32H7xx_HAL_Driver/Src/stm32h7xx_hal_rcc.o
 .debug_frame   0x00000000000017c8      0x390 Drivers/STM32H7xx_HAL_Driver/Src/stm32h7xx_hal_rcc_ex.o
 .debug_frame   0x0000000000001b58      0xa0c Drivers/STM32H7xx_HAL_Driver/Src/stm32h7xx_hal_uart.o
 .debug_frame   0x0000000000002564      0x22c Drivers/STM32H7xx_HAL_Driver/Src/stm32h7xx_hal_uart_ex.o
 .debug_frame   0x0000000000002790       0x2c d:/st v1.5.0/stm32cubeide_1.5.0/stm32cubeide/plugins/com.st.stm32cube.ide.mcu.externaltools.gnu-tools-for-stm32.7-2018-q2-update.win32_1.5.0.202011040924/tools/bin/../lib/gcc/arm-none-eabi/7.3.1/../../../../arm-none-eabi/lib/thumb/v7e-m/fpv5/hard\libc_nano.a(lib_a-init.o)
 .debug_frame   0x00000000000027bc       0x20 d:/st v1.5.0/stm32cubeide_1.5.0/stm32cubeide/plugins/com.st.stm32cube.ide.mcu.externaltools.gnu-tools-for-stm32.7-2018-q2-update.win32_1.5.0.202011040924/tools/bin/../lib/gcc/arm-none-eabi/7.3.1/../../../../arm-none-eabi/lib/thumb/v7e-m/fpv5/hard\libc_nano.a(lib_a-memset.o)
 .debug_frame   0x00000000000027dc       0x2c d:/st v1.5.0/stm32cubeide_1.5.0/stm32cubeide/plugins/com.st.stm32cube.ide.mcu.externaltools.gnu-tools-for-stm32.7-2018-q2-update.win32_1.5.0.202011040924/tools/bin/../lib/gcc/arm-none-eabi/7.3.1/thumb/v7e-m/fpv5/hard\libgcc.a(_aeabi_uldivmod.o)
 .debug_frame   0x0000000000002808       0x34 d:/st v1.5.0/stm32cubeide_1.5.0/stm32cubeide/plugins/com.st.stm32cube.ide.mcu.externaltools.gnu-tools-for-stm32.7-2018-q2-update.win32_1.5.0.202011040924/tools/bin/../lib/gcc/arm-none-eabi/7.3.1/thumb/v7e-m/fpv5/hard\libgcc.a(_udivmoddi4.o)
